// Vitest Snapshot v1, https://vitest.dev/guide/snapshot.html

exports[`Pornstar Info > # run() 1`] = `
{
  "about": "Hey!
I'm a young Siberian girl and I want to play a game with you) Rules are simple: you cum, I win ^_^
Stop wasting your time - my tiny pussy is waiting for your sweet hot cum.",
  "awarded": true,
  "background": "Russian",
  "bio": "",
  "birthPlace": "Russia",
  "careerStartAndEnd": "2018 to Present",
  "careerStatus": "Active",
  "ethnicity": "White",
  "eyeColor": "Green",
  "fakeBoobs": false,
  "featuredIn": [
    {
      "name": "Wow Girls",
      "url": "/channels/wow-girls",
    },
    {
      "name": "Ultra Films",
      "url": "/channels/ultra-films",
    },
    {
      "name": "Pornhub Models",
      "url": "/channels/pornhub-models",
    },
  ],
  "gender": "Female",
  "hairColor": "Grey",
  "height": "5 ft 4 in (163 cm)",
  "interestedIn": "Guys and Girls",
  "interests": "Most of all I like playing computer games, but also I can play with some more interesting toys) And sometimes I read books without any clothes - I will definetely show It to you ;)",
  "measurements": "34C-24-35",
  "name": "Eva Elfie",
  "piercings": false,
  "premium": false,
  "relationship": "Single",
  "socials": {
    "amazonWishList": undefined,
    "instagram": "https://www.instagram.com/theevaelfie",
    "modelhub": undefined,
    "snapchat": "https://www.snapchat.com/add/theevaelfie",
    "twitter": "https://www.twitter.com/@EvaElfie",
    "website": "https://onlyfans.com/evaelfie",
  },
  "starSign": "Gemini",
  "tattoos": false,
  "turnOns": "Smart people, shy boys and girls kisses.",
  "verified": true,
  "weight": "100 lbs (45 kg)",
}
`;
